// Jest Snapshot v1, https://goo.gl/fbAQLP

exports[`containers/SettingsAccount/components/FormerNamesList when former_names is empty renders correctly 1`] = `null`;

exports[`containers/SettingsAccount/components/FormerNamesList when former_names is not empty renders correctly 1`] = `
<div
  className="form-group"
>
  <h2
    className="form-group"
  >
    Former names
  </h2>
  <table
    className="FormerNamesList VerificationList"
  >
    <thead
      className="hidden-sm hidden-xs"
    >
      <tr
        className="row"
      >
        <th
          className="col-xs-12 col-md-2"
        >
          First Name
        </th>
        <th
          className="col-xs-12 col-md-2"
        >
          Last Name
        </th>
        <th
          className="col-xs-12 col-md-2 text-center"
        >
          Start Date
        </th>
        <th
          className="col-xs-12 col-md-2 text-center"
        >
          End Date
        </th>
        <th
          className="col-xs-12 col-md-3"
        >
          Action
        </th>
      </tr>
    </thead>
    <tbody>
      <tr>
        <td
          className="col-xs-12 col-md-2"
        >
          jane
        </td>
        <td
          className="col-xs-12 col-md-2"
        >
          doe
        </td>
        <td
          className="col-xs-12 col-md-2 text-center"
        >
          01/01/1990
        </td>
        <td
          className="col-xs-12 col-md-2 text-center"
        >
          01/01/1997
        </td>
        <td
          className="col-xs-12 col-md-3"
        >
          <button
            className="btn red-btn action-btn"
            disabled={false}
            onClick={[Function]}
          >
            Remove
          </button>
        </td>
      </tr>
      <tr>
        <td
          className="col-xs-12 col-md-2"
        >
          john
        </td>
        <td
          className="col-xs-12 col-md-2"
        >
          doe
        </td>
        <td
          className="col-xs-12 col-md-2 text-center"
        >
          01/02/1997
        </td>
        <td
          className="col-xs-12 col-md-2 text-center"
        >
          01/01/2016
        </td>
        <td
          className="col-xs-12 col-md-3"
        >
          <button
            className="btn red-btn action-btn"
            disabled={false}
            onClick={[Function]}
          >
            Remove
          </button>
        </td>
      </tr>
    </tbody>
  </table>
</div>
`;
